-- Automatically generated by CometTPCHQuerySuite

-- !query schema
struct<l_returnflag:string,l_linestatus:string,sum_qty:decimal(22,2),sum_base_price:decimal(22,2),sum_disc_price:decimal(36,4),sum_charge:decimal(38,6),avg_qty:decimal(16,6),avg_price:decimal(16,6),avg_disc:decimal(16,6),count_order:bigint>
-- !query output
A	F	37734107.00	56586554400.73	53758257134.8700	55909065222.827692	25.522006	38273.129735	0.049985	1478493
N	F	991417.00	1487504710.38	1413082168.0541	1469649223.194375	25.516472	38284.467761	0.050093	38854
N	O	74476040.00	111701729697.74	106118230307.6056	110367043872.497010	25.502227	38249.117989	0.049997	2920374
R	F	37719753.00	56568041380.90	53741292684.6040	55889619119.831932	25.505794	38250.854626	0.050009	1478870
