-- Automatically generated by CometTPCHQuerySuite

-- !query schema
struct<l_shipmode:string,high_line_count:bigint,low_line_count:bigint>
-- !query output
MAIL	6202	9324
SHIP	6200	9262
