-- Automatically generated by CometTPCHQuerySuite

-- !query schema
struct<promo_revenue:decimal(38,6)>
-- !query output
16.380779
