-- Automatically generated by CometTPCHQuerySuite

-- !query schema
struct<s_suppkey:bigint,s_name:string,s_address:string,s_phone:string,total_revenue:decimal(36,4)>
-- !query output
8449	Supplier#x	Wp34zim9qYFbVctdW	20-469-856-8873	1772627.2087
