-- Automatically generated by CometTPCHQuerySuite

-- !query schema
struct<avg_yearly:decimal(27,6)>
-- !query output
348406.054286
