-- Automatically generated by CometTPCHQuerySuite

-- !query schema
struct<revenue:decimal(36,4)>
-- !query output
3083843.0578
