-- Automatically generated by CometTPCHQuerySuite

-- !query schema
struct<s_name:string,s_address:string>
-- !query output
Supplier#x	iybAE,RmTymrZVYaFZva2SH,j
Supplier#x	YV45D7TkfdQanOOZ7q9QxkyGUapU1oOWU6q3
Supplier#x	rF uV8d0JNEk
Supplier#x	Br7e1nnt1yxrw6ImgpJ7YdhFDjuBf
Supplier#x	7a9SP7qW5Yku5PvSg
Supplier#x	w8fOo5W,aS
Supplier#x	FfbhyCxWvcPrO8ltp9
Supplier#x	i9Sw4DoyMhzhKXCH9By,AYSgmD
Supplier#x	0qwCMwobKY OcmLyfRXlagA8ukENJv,
Supplier#x	TfB,a5bfl3Ah 3Z 74GqnNs6zKVGM
Supplier#x	mvvtlQKsTOsJj5Ihk7,cq
Supplier#x	pqck2ppy758TQpZCUAjPvlU55K3QjfL7Bi
Supplier#x	l6i2nMwVuovfKnuVgaSGK2rDy65DlAFLegiL7
Supplier#x	zlSLelQUj2XrvTTFnv7WAcYZGvvMTx882d4
Supplier#x	urEaTejH5POADP2ARrf
Supplier#x	ij98czM 2KzWe7dDTOxB8sq0UfCdvrX
Supplier#x	,AC e,tBpNwKb5xMUzeohxlRn, hdZJo73gFQF8y
Supplier#x	rQWr6nf8ZhB2TAiIDIvo5Io
Supplier#x	42YSkFcAXMMcucsqeEefOE4HeCC
Supplier#x	bPOCc086oFm8sLtS,fGrH
Supplier#x	lch9HMNU1R7a0LIybsUodVknk6
Supplier#x	wDmF5xLxtQch9ctVu,
Supplier#x	uKNWIeafaM644
Supplier#x	UhxNRzUu1dtFmp0
Supplier#x	pXTkGxrTQVyH1Rr
Supplier#x	7hMlCof1Y5zLFg
Supplier#x	TeRY7TtTH24sEword7yAaSkjx8
Supplier#x	Rc8e,1Pybn r6zo0VJIEiD0UD vhk
Supplier#x	qWsendlOekQG1aW4uq06uQaCm51se8lirv7 hBRd
Supplier#x	M934fuZSnLW
Supplier#x	MWk6EAeozXb
Supplier#x	FpJbMU2h6ZR2eBv8I9NIxF
Supplier#x	 dwebGX7Id2pc25YvY33
Supplier#x	20ytTtVObjKUUI2WCB0A
Supplier#x	kuxseyLtq QPLXxm9ZUrnB6Kkh92JtK5cQzzXNU 
Supplier#x	MRtkgKolHJ9Wh X9J,urANHKDzvjr
Supplier#x	uYmlr46C06udCqanj0KiRsoTQakZsEyssL
Supplier#x	nODZw5q4dx kp0K5
Supplier#x	nSOEV3JeOU79
Supplier#x	hz2qWXWVjOyKhqPYMoEwz6zFkrTaDM
Supplier#x	ES21K9dxoW1I1TzWCj7ekdlNwSWnv1Z  6mQ,BKn
Supplier#x	nCoWfpB6YOymbgOht7ltfklpkHl
Supplier#x	WRh2w5WFvRg7Z0S1AvSvHCL
Supplier#x	RzHSxOTQmElCjxIBiVA52Z JB58rJhPRylR
Supplier#x	qydBQd14I5l5mVXa4fYY
Supplier#x	JZUugz04c iJFLrlGsz9O N,W 1rVHNIReyq
Supplier#x	CsPoKpw2QuTY4AV1NkWuttneIa4SN
Supplier#x	0Bw,q5Zp8su9XrzoCngZ3cAEXZwZ
Supplier#x	HVdFAN2JHMQSpKm
Supplier#x	lIFxR4fzm31C6,muzJwl84z
Supplier#x	yDclaDaBD4ihH
Supplier#x	lwr, 6L3gdfc79PQut,4XO6nQsTJY63cAyYO
Supplier#x	m,trBENywSArwg3DhB
Supplier#x	Naddba 8YTEKekZyP0
Supplier#x	jouzgX0WZjhNMWLaH4fy
Supplier#x	HxON3jJhUi3zjt,r mTD
Supplier#x	hdolgh608uTkHh7t6qfSqkifKaiFjnCH
Supplier#x	hMa535Cbf2mj1Nw4OWOKWVrsK0VdDkJURrdjSIJe
Supplier#x	DWdPxt7 RnkZv6VOByR0em
Supplier#x	E87yws6I,t0qNs4QW7UzExKiJnJDZWue
Supplier#x	pxrRP4irQ1VoyfQ,dTf3
Supplier#x	9xO4nyJ2QJcX6vGf
Supplier#x	EDdfNt7E5Uc,xLTupoIgYL4yY7ujh,
Supplier#x	jnisU8MzqO4iUB3zsPcrysMw3DDUojS4q7LD
Supplier#x	iy8VM48ynpc3N2OsBwAvhYakO2us9R1bi
Supplier#x	Sh3dt9W5oeofFWovnFhrg,
Supplier#x	DJoCEapUeBXoV1iYiCcPFQvzsTv2ZI960
Supplier#x	zvFJIzS,oUuShHjpcX
Supplier#x	sy79CMLxqb,Cbo
Supplier#x	lNqFHQYjwSAkf
Supplier#x	qY588W0Yk5iaUy1RXTgNrEKrMAjBYHcKs
Supplier#x	jZEp0OEythCLcS OmJSrFtxJ66bMlzSp
Supplier#x	KgbZEaRk,6Q3mWvwh6uptrs1KRUHg 0
Supplier#x	vvGC rameLOk
Supplier#x	Pmb05mQfBMS618O7WKqZJ 9vyv
Supplier#x	umEYZSq9RJ2WEzdsv9meU8rmqwzVLRgiZwC
Supplier#x	tF64pwiOM4IkWjN3mS,e06WuAjLx
Supplier#x	dl,HPtJmGipxYsSqn9wmqkuWjst,mCeJ8O6T
Supplier#x	bBddbpBxIVp Di9
Supplier#x	1OwPHh Pgiyeus,iZS5eA23JDOipwk
Supplier#x	hQCAz59k,HLlp2CKUrcBIL
Supplier#x	S3076LEOwo
Supplier#x	Ah0ZaLu6VwufPWUz,7kbXgYZhauEaHqGIg
Supplier#x	yvSsKNSTL5HLXBET4luOsPNLxKzAMk
Supplier#x	p pVXCnxgcklWF6A1o3OHY3qW6
Supplier#x	67NqBc4 t3PG3F8aO IsqWNq4kGaPowYL
Supplier#x	Rj,x6IgLT7kBL99nqp
Supplier#x	,phpt6AWEnUS8t4Avb50rFfdg7O9c6nU8xxv8eC5
Supplier#x	42Z1uLye9nsn6aTGBNd dI8 x
Supplier#x	GPq5PMKY6Wy
Supplier#x	Xl7h9ifgvIHmqxFLgWfHK4Gjav BkP
Supplier#x	Woi3b2ZaicPh ZSfu1EfXhE
Supplier#x	Onc3t57VAMchm,pmoVLaU8bONni9NsuaM PzMMFz
Supplier#x	f9g8SEHB7obMj3QXAjXS2vfYY22
Supplier#x	gXG28YqpxU
Supplier#x	tMCkdqbDoyNo8vMIkzjBqYexoRAuv,T6 qzcu
Supplier#x	Ub6AAfHpWLWP
Supplier#x	9Dz2OVT1q sb4BK71ljQ1XjPBYRPvO
Supplier#x	63cYZenZBRZ613Q1FaoG0,smnC5zl9
Supplier#x	saFdOR qW7AFY,3asPqiiAa11Mo22pCoN0BtPrKo
Supplier#x	d2sbjG43KwMPX
Supplier#x	On f5ypzoWgB
Supplier#x	14TVrjlzo2SJEBYCDgpMwTlvwSqC
Supplier#x	ZwKxAv3V40tW E8P7Qwu,zlu,kPsL
Supplier#x	f2RBKec2T1NIi7yS M
Supplier#x	5rkb0PSews HvxkL8JaD41UpnSF2cg8H1
Supplier#x	2dq XTYhtYWSfp
Supplier#x	dmEWcS32C3kx,d,B95 OmYn48
Supplier#x	,o,OebwRbSDmVl9gN9fpWPCiqB UogvlSR
Supplier#x	lK,sYiGzB94hSyHy9xvSZFbVQNCZe2LXZuGbS
Supplier#x	REhR5jE,lLusQXvf54SwYySgsSSVFhu
Supplier#x	4m0cv8MwJ9yX2vlwI Z
Supplier#x	UiI2Cy3W4Tu5sLk LuvXLRy6KihlGv
Supplier#x	KJNUg1odUT2wtCS2s6PrH3D6fd
Supplier#x	aZilwQKYDTVPoK
Supplier#x	rY5gbfh3dKHnylcQUTPGCwnbe
Supplier#x	RVN23SYT9jenUeaWGXUd
Supplier#x	73VRDOO56GUCyvc40oYJ
Supplier#x	xIgE69XszYbnO4Eon7cHHO8y
Supplier#x	7 wkdj2EO49iotley2kmIM ADpLSszGV3RNWj
Supplier#x	bQYPnj9lpmW3U
Supplier#x	b9 2zjHzxR
Supplier#x	N,CUclSqRLJcS8zQ
Supplier#x	iTLsnvD8D2GzWNUv kRInwRjk5rDeEmfup1
Supplier#x	NQ4Yryj624p7K53
Supplier#x	rC,2rEn8gKDIS5Q0dJEoiF
Supplier#x	n4jhxGMqB5prD1HhpLvwrWStOLlla
Supplier#x	HGd2Xo 9nEcHJhZvXjXxWKIpApT
Supplier#x	fnlINT885vBBhsWwTGiZ0o22thwGY16h GHJj21
Supplier#x	To6Slo0GJTqcIvD
Supplier#x	mLxYUJhsGcLtKe ,GFirNu183AvT
Supplier#x	2tRyX9M1a 4Rcm57s779F1ANG9jlpK
Supplier#x	G3j8g0KC4OcbAu2OVoPHrXQWMCUdjq8wgCHOExu
Supplier#x	xonvn0KAQIL3p8kYk HC1FSSDSUSTC
Supplier#x	ls DoKV7V5ulfQy9V
Supplier#x	Xzb16kC63wmLVYexUEgB0hXFvHkjT5iPpq
Supplier#x	TqDGBULB3cTqIT6FKDvm9BS4e4v,zwYiQPb
Supplier#x	tEc95D2moN9S84nd55O,dlnW
Supplier#x	I2ae3rS7KVF8GVHtB
Supplier#x	51xhROLvQMJ05DndtZWt
Supplier#x	V8eE6oZ00OFNU,
Supplier#x	4UVv58ery1rjmqSR5
Supplier#x	yhhpWiJi7EJ6Q5VCaQ
Supplier#x	BYuucapYkptZl6fnd2QaDyZmI9gR1Ih16e
Supplier#x	9m9j0wfhWzCvVHxkU,PpAxwSH0h
Supplier#x	q8,V6LJRoHJjHcOuSG7aLTMg
Supplier#x	rMcFg2530VC
Supplier#x	R IovIqzDi3,QHnaqZk1xS4hGAgelhP4yj
Supplier#x	JsPE18PvcdFTK
Supplier#x	69fi,U1r6enUb 
Supplier#x	5cDGCS,T6N
Supplier#x	u3sicchh5ZpyTUpN1cJKNcAoabIWgY
Supplier#x	ErzCF80K9Uy
Supplier#x	LnASFBfYRFOo9d6d,asBvVq9Lo2P
Supplier#x	eonbJZvoDFYBNUinYfp6yERIg
Supplier#x	TWxt9f,LVER
Supplier#x	IK7eGw Yj90sTdpsP,vcqWxLB
Supplier#x	2AyePMkDqmzVzjGTizXthFLo8h EiudCMxOmIIG
Supplier#x	75I18sZmASwm POeheRMdj9tmpyeQ,BfCXN5BIAb
Supplier#x	h778cEj14BuW9OEKlvPTWq4iwASR6EBBXN7zeS8
Supplier#x	Uc29q4,5xVdDOF87UZrxhr4xWS0ihEUXuh
Supplier#x	MH0iB73GQ3z UW3O DbCbqmc
Supplier#x	SgVgP90vP452sUNTgzL9zKwXHXAzV6tV
Supplier#x	gLuGcugfpJSeGQARnaHNCaWnGaqsNnjyl20
Supplier#x	aE,trRNdPx,4yinTD9O3DebDIp
Supplier#x	HmPlQEzKCPEcTUL14,kKq
Supplier#x	I 85Lu1sekbg2xrSIzm0
Supplier#x	8D 45GgxJO2OwwYP9S4AaXJKvDwPfLM
Supplier#x	rDSA,D9oPM,65NMWEFrmGKAu
Supplier#x	2kwEHyMG 7FwozNImAUE6mH0hYtqYculJM
Supplier#x	w2vF6 D5YZO3visPXsqVfLADTK
Supplier#x	qK,trB6Sdy4Dz1BRUFNy
Supplier#x	57OPvKH4qyXIZ7IzYeCaw11a5N1Ki9f1WWmVQ,
Supplier#x	RqYTzgxj93CLX 0mcYfCENOefD
Supplier#x	XmiC,uy36B9,fb0zhcjaagiXQutg
Supplier#x	igRqmneFt 
Supplier#x	h3RVchUf8MzY46IzbZ0ng09
Supplier#x	51m637bO,Rw5DnHWFUvLacRx9
Supplier#x	rRnCbHYgDgl9PZYnyWKVYSUW0vKg
Supplier#x	wLhVEcRmd7PkJF4FBnGK7Z
Supplier#x	 4wNjXGa4OKWl
Supplier#x	E3iuyq7UnZxU7oPZIe2Gu6
Supplier#x	APFRMy3lCbgFga53n5t9DxzFPQPgnjrGt32
Supplier#x	57sNwJJ3PtBDu,hMPP5QvpcOcSNRXn3PypJJrh
Supplier#x	7XdpAHrzr1t,UQFZE
Supplier#x	7wJ,J5DKcxSU4Kp1cQLpbcAvB5AsvKT
