-- Automatically generated by CometTPCHQuerySuite

-- !query schema
struct<s_name:string,numwait:bigint>
-- !query output
Supplier#x	20
Supplier#x	18
Supplier#x	17
Supplier#x	17
Supplier#x	17
Supplier#x	17
Supplier#x	17
Supplier#x	17
Supplier#x	17
Supplier#x	17
Supplier#x	16
Supplier#x	16
Supplier#x	16
Supplier#x	16
Supplier#x	16
Supplier#x	16
Supplier#x	16
Supplier#x	16
Supplier#x	15
Supplier#x	15
Supplier#x	15
Supplier#x	15
Supplier#x	15
Supplier#x	15
Supplier#x	15
Supplier#x	15
Supplier#x	15
Supplier#x	15
Supplier#x	15
Supplier#x	15
Supplier#x	15
Supplier#x	15
Supplier#x	15
Supplier#x	15
Supplier#x	15
Supplier#x	15
Supplier#x	14
Supplier#x	14
Supplier#x	14
Supplier#x	14
Supplier#x	14
Supplier#x	14
Supplier#x	14
Supplier#x	14
Supplier#x	14
Supplier#x	14
Supplier#x	14
Supplier#x	14
Supplier#x	14
Supplier#x	14
Supplier#x	13
Supplier#x	13
Supplier#x	13
Supplier#x	13
Supplier#x	13
Supplier#x	13
Supplier#x	13
Supplier#x	13
Supplier#x	13
Supplier#x	13
Supplier#x	13
Supplier#x	13
Supplier#x	13
Supplier#x	13
Supplier#x	13
Supplier#x	13
Supplier#x	13
Supplier#x	13
Supplier#x	13
Supplier#x	13
Supplier#x	13
Supplier#x	13
Supplier#x	13
Supplier#x	13
Supplier#x	13
Supplier#x	13
Supplier#x	13
Supplier#x	13
Supplier#x	13
Supplier#x	13
Supplier#x	13
Supplier#x	13
Supplier#x	13
Supplier#x	13
Supplier#x	13
Supplier#x	13
Supplier#x	13
Supplier#x	13
Supplier#x	13
Supplier#x	12
Supplier#x	12
Supplier#x	12
Supplier#x	12
Supplier#x	12
Supplier#x	12
Supplier#x	12
Supplier#x	12
Supplier#x	12
Supplier#x	12
Supplier#x	12
