-- Automatically generated by CometTPCHQuerySuite

-- !query schema
struct<o_orderpriority:string,order_count:bigint>
-- !query output
1-URGENT	10594
2-HIGH	10476
3-MEDIUM	10410
4-NOT SPECIFIED	10556
5-LOW	10487
