-- Automatically generated by CometTPCHQuerySuite

-- !query schema
struct<n_name:string,revenue:decimal(36,4)>
-- !query output
INDONESIA	55502041.1697
VIETNAM	55295086.9967
CHINA	53724494.2566
INDIA	52035512.0002
JAPAN	45410175.6954
