-- Automatically generated by CometTPCHQuerySuite

-- !query schema
struct<revenue:decimal(35,4)>
-- !query output
123141078.2283
