-- Automatically generated by CometTPCHQuerySuite

-- !query schema
struct<supp_nation:string,cust_nation:string,l_year:int,revenue:decimal(36,4)>
-- !query output
FRANCE	GERMANY	1995	54639732.7336
FRANCE	GERMANY	1996	54633083.3076
GERMANY	FRANCE	1995	52531746.6697
GERMANY	FRANCE	1996	52520549.0224
