-- Automatically generated by CometTPCHQuerySuite

-- !query schema
struct<o_year:int,mkt_share:decimal(38,6)>
-- !query output
1995	0.034436
1996	0.041486
